    {
      Out:String
    #Equals
      "aaa"
    }
  #And
    {
      Out:String
    #Equals
      "ddd"
    }
  #And
    {
      _Gen0:String
    #Equals
      "bbb"
    }
#Or
    {
      Out:String
    #Equals
      "bbb"
    }
  #And
    {
      Out:String
    #Equals
      "ccc"
    }
  #And
    {
      _Gen0:String
    #Equals
      "aaa"
    }
