Lbl'UndsPlusUndsUnds'TEST'Unds'Exp'Unds'Exp'Unds'Exp{}(Lbl'UndsPlusUndsUnds'TEST'Unds'Exp'Unds'Exp'Unds'Exp{}(\dv{SortInt{}}("1"),Lbl'LParUndsRParUnds'TEST'Unds'Exp'Unds'Exp{}(Lbl'UndsPlusUndsUnds'TEST'Unds'Exp'Unds'Exp'Unds'Exp{}(\dv{SortInt{}}("1"),\dv{SortInt{}}("1")))),\dv{SortInt{}}("1"))
